E:/University/CEEC/STM32/golf_car/Drivers/VL53L0X/core/Src/vl53l0x_API_new.c:25:15:VL53L0X_DataInit	104	static
E:/University/CEEC/STM32/golf_car/Drivers/VL53L0X/core/Src/vl53l0x_API_new.c:166:15:VL53L0X_StaticInit	136	static
E:/University/CEEC/STM32/golf_car/Drivers/VL53L0X/core/Src/vl53l0x_API_new.c:345:15:VL53L0X_WaitDeviceBooted	24	static
E:/University/CEEC/STM32/golf_car/Drivers/VL53L0X/core/Src/vl53l0x_API_new.c:356:15:VL53L0X_SetDeviceMode	24	static
E:/University/CEEC/STM32/golf_car/Drivers/VL53L0X/core/Src/vl53l0x_API_new.c:380:15:VL53L0X_GetDeviceMode	24	static
E:/University/CEEC/STM32/golf_car/Drivers/VL53L0X/core/Src/vl53l0x_API_new.c:393:15:VL53L0X_ResetDevice	24	static
E:/University/CEEC/STM32/golf_car/Drivers/VL53L0X/core/Src/vl53l0x_API_new.c:436:15:VL53L0X_PerformRefCalibration	32	static
E:/University/CEEC/STM32/golf_car/Drivers/VL53L0X/core/Src/vl53l0x_API_new.c:450:15:VL53L0X_PerformRefSpadManagement	32	static
E:/University/CEEC/STM32/golf_car/Drivers/VL53L0X/core/Src/vl53l0x_API_new.c:464:15:VL53L0X_SetLimitCheckEnable	32	static
E:/University/CEEC/STM32/golf_car/Drivers/VL53L0X/core/Src/vl53l0x_API_new.c:567:15:VL53L0X_SetLimitCheckValue	32	static
E:/University/CEEC/STM32/golf_car/Drivers/VL53L0X/core/Src/vl53l0x_API_new.c:644:15:VL53L0X_SetMeasurementTimingBudgetMicroSeconds	24	static
E:/University/CEEC/STM32/golf_car/Drivers/VL53L0X/core/Src/vl53l0x_API_new.c:658:15:VL53L0X_SetVcselPulsePeriod	24	static
