../Core/Src/main.c:80:1:__io_putchar	16	static
../Core/Src/main.c:91:6:setup_vl53l0x	16	static
../Core/Src/main.c:136:6:HAL_ADC_ConvCpltCallback	24	static
../Core/Src/main.c:145:6:HAL_UART_RxCpltCallback	16	static
../Core/Src/main.c:177:5:main	8	static
../Core/Src/main.c:239:6:SystemClock_Config	88	static
../Core/Src/main.c:285:13:MX_ADC1_Init	48	static
../Core/Src/main.c:345:13:MX_CAN_Init	8	static
../Core/Src/main.c:382:13:MX_I2C1_Init	8	static
../Core/Src/main.c:416:13:MX_TIM1_Init	80	static
../Core/Src/main.c:481:13:MX_USART1_UART_Init	8	static
../Core/Src/main.c:514:13:MX_GPIO_Init	40	static
../Core/Src/main.c:544:6:Error_Handler	4	static,ignoring_inline_asm
